// Jest Snapshot v1, https://goo.gl/fbAQLP

exports[`<Autocomplete /> should render <AutoTagBuilder> component 1`] = `
<AutoTagBuilderInt
  defaultValue={
    Array [
      "five",
    ]
  }
  suggestions={
    Array [
      "one",
      "two",
      "three",
    ]
  }
/>
`;
