// Jest Snapshot v1, https://goo.gl/fbAQLP

exports[`Generated icons should render AccountBalance icon 1`] = `
<AccountBalance
  height="12"
  viewBox="0 0 24 24"
  width="12"
>
  <svg
    height="12"
    viewBox="0 0 24 24"
    width="12"
  >
    <path
      d="M4 10v7h3v-7H4zm6 0v7h3v-7h-3zM2 22h19v-3H2v3zm14-12v7h3v-7h-3zm-4.5-9L2 6v2h19V6l-9.5-5z"
    />
  </svg>
</AccountBalance>
`;

exports[`Generated icons should render AccountCircle icon 1`] = `
<AccountCircle
  height="12"
  viewBox="0 0 24 24"
  width="12"
>
  <svg
    height="12"
    viewBox="0 0 24 24"
    width="12"
  >
    <path
      d="M12 2C6.48 2 2 6.48 2 12s4.48 10 10 10 10-4.48 10-10S17.52 2 12 2zm0 3c1.66 0 3 1.34 3 3s-1.34 3-3 3-3-1.34-3-3 1.34-3 3-3zm0 14.2c-2.5 0-4.71-1.28-6-3.22.03-1.99 4-3.08 6-3.08 1.99 0 5.97 1.09 6 3.08-1.29 1.94-3.5 3.22-6 3.22z"
    />
  </svg>
</AccountCircle>
`;

exports[`Generated icons should render Add icon 1`] = `
<Add
  height="12"
  viewBox="0 0 24 24"
  width="12"
>
  <svg
    height="12"
    viewBox="0 0 24 24"
    width="12"
  >
    <path
      d="M19 13h-6v6h-2v-6H5v-2h6V5h2v6h6v2z"
    />
  </svg>
</Add>
`;

exports[`Generated icons should render AddCircle icon 1`] = `
<AddCircle
  height="12"
  viewBox="0 0 24 24"
  width="12"
>
  <svg
    height="12"
    viewBox="0 0 24 24"
    width="12"
  >
    <path
      d="M12 2C6.48 2 2 6.48 2 12s4.48 10 10 10 10-4.48 10-10S17.52 2 12 2zm5 11h-4v4h-2v-4H7v-2h4V7h2v4h4v2z"
    />
  </svg>
</AddCircle>
`;

exports[`Generated icons should render AddCircleOutline icon 1`] = `
<AddCircleOutline
  height="12"
  viewBox="0 0 24 24"
  width="12"
>
  <svg
    height="12"
    viewBox="0 0 24 24"
    width="12"
  >
    <path
      d="M13 7h-2v4H7v2h4v4h2v-4h4v-2h-4V7zm-1-5C6.48 2 2 6.48 2 12s4.48 10 10 10 10-4.48 10-10S17.52 2 12 2zm0 18c-4.41 0-8-3.59-8-8s3.59-8 8-8 8 3.59 8 8-3.59 8-8 8z"
    />
  </svg>
</AddCircleOutline>
`;

exports[`Generated icons should render Adjust icon 1`] = `
<Adjust
  height="12"
  viewBox="0 0 24 24"
  width="12"
>
  <svg
    height="12"
    viewBox="0 0 24 24"
    width="12"
  >
    <path
      d="M12 2C6.49 2 2 6.49 2 12s4.49 10 10 10 10-4.49 10-10S17.51 2 12 2zm0 18c-4.41 0-8-3.59-8-8s3.59-8 8-8 8 3.59 8 8-3.59 8-8 8zm3-8c0 1.66-1.34 3-3 3s-3-1.34-3-3 1.34-3 3-3 3 1.34 3 3z"
    />
  </svg>
</Adjust>
`;

exports[`Generated icons should render Apps icon 1`] = `
<Apps
  height="12"
  viewBox="0 0 24 24"
  width="12"
>
  <svg
    height="12"
    viewBox="0 0 24 24"
    width="12"
  >
    <path
      d="M4 8h4V4H4v4zm6 12h4v-4h-4v4zm-6 0h4v-4H4v4zm0-6h4v-4H4v4zm6 0h4v-4h-4v4zm6-10v4h4V4h-4zm-6 4h4V4h-4v4zm6 6h4v-4h-4v4zm0 6h4v-4h-4v4z"
    />
  </svg>
</Apps>
`;

exports[`Generated icons should render ArrowDropDown icon 1`] = `
<ArrowDropDown
  height="12"
  viewBox="0 0 24 24"
  width="12"
>
  <svg
    height="12"
    viewBox="0 0 24 24"
    width="12"
  >
    <path
      d="M7 10l5 5 5-5z"
    />
  </svg>
</ArrowDropDown>
`;

exports[`Generated icons should render ArrowDropUp icon 1`] = `
<ArrowDropUp
  height="12"
  viewBox="0 0 24 24"
  width="12"
>
  <svg
    height="12"
    viewBox="0 0 24 24"
    width="12"
  >
    <path
      d="M7 14l5-5 5 5z"
    />
  </svg>
</ArrowDropUp>
`;

exports[`Generated icons should render ArrowForward icon 1`] = `
<ArrowForward
  height="12"
  viewBox="0 0 24 24"
  width="12"
>
  <svg
    height="12"
    viewBox="0 0 24 24"
    width="12"
  >
    <path
      d="M12 4l-1.41 1.41L16.17 11H4v2h12.17l-5.58 5.59L12 20l8-8z"
    />
  </svg>
</ArrowForward>
`;

exports[`Generated icons should render BorderClear icon 1`] = `
<BorderClear
  height="12"
  viewBox="0 0 24 24"
  width="12"
>
  <svg
    height="12"
    viewBox="0 0 24 24"
    width="12"
  >
    <path
      d="M7 5h2V3H7v2zm0 8h2v-2H7v2zm0 8h2v-2H7v2zm4-4h2v-2h-2v2zm0 4h2v-2h-2v2zm-8 0h2v-2H3v2zm0-4h2v-2H3v2zm0-4h2v-2H3v2zm0-4h2V7H3v2zm0-4h2V3H3v2zm8 8h2v-2h-2v2zm8 4h2v-2h-2v2zm0-4h2v-2h-2v2zm0 8h2v-2h-2v2zm0-12h2V7h-2v2zm-8 0h2V7h-2v2zm8-6v2h2V3h-2zm-8 2h2V3h-2v2zm4 16h2v-2h-2v2zm0-8h2v-2h-2v2zm0-8h2V3h-2v2z"
    />
  </svg>
</BorderClear>
`;

exports[`Generated icons should render Cached icon 1`] = `
<Cached
  height="12"
  viewBox="0 0 24 24"
  width="12"
>
  <svg
    height="12"
    viewBox="0 0 24 24"
    width="12"
  >
    <path
      d="M19 8l-4 4h3c0 3.31-2.69 6-6 6-1.01 0-1.97-.25-2.8-.7l-1.46 1.46C8.97 19.54 10.43 20 12 20c4.42 0 8-3.58 8-8h3l-4-4zM6 12c0-3.31 2.69-6 6-6 1.01 0 1.97.25 2.8.7l1.46-1.46C15.03 4.46 13.57 4 12 4c-4.42 0-8 3.58-8 8H1l4 4 4-4H6z"
    />
  </svg>
</Cached>
`;

exports[`Generated icons should render Check icon 1`] = `
<Check
  height="12"
  viewBox="0 0 24 24"
  width="12"
>
  <svg
    height="12"
    viewBox="0 0 24 24"
    width="12"
  >
    <path
      d="M9 16.17L4.83 12l-1.42 1.41L9 19 21 7l-1.41-1.41z"
    />
  </svg>
</Check>
`;

exports[`Generated icons should render CheckBox icon 1`] = `
<CheckBox
  height="12"
  viewBox="0 0 24 24"
  width="12"
>
  <svg
    height="12"
    viewBox="0 0 24 24"
    width="12"
  >
    <path
      d="M19 3H5c-1.11 0-2 .9-2 2v14c0 1.1.89 2 2 2h14c1.11 0 2-.9 2-2V5c0-1.1-.89-2-2-2zm-9 14l-5-5 1.41-1.41L10 14.17l7.59-7.59L19 8l-9 9z"
    />
  </svg>
</CheckBox>
`;

exports[`Generated icons should render CheckBoxOutlineBlank icon 1`] = `
<CheckBoxOutlineBlank
  height="12"
  viewBox="0 0 24 24"
  width="12"
>
  <svg
    height="12"
    viewBox="0 0 24 24"
    width="12"
  >
    <path
      d="M19 5v14H5V5h14m0-2H5c-1.1 0-2 .9-2 2v14c0 1.1.9 2 2 2h14c1.1 0 2-.9 2-2V5c0-1.1-.9-2-2-2z"
    />
  </svg>
</CheckBoxOutlineBlank>
`;

exports[`Generated icons should render CheckCircle icon 1`] = `
<CheckCircle
  height="12"
  viewBox="0 0 24 24"
  width="12"
>
  <svg
    height="12"
    viewBox="0 0 24 24"
    width="12"
  >
    <path
      d="M12 2C6.48 2 2 6.48 2 12s4.48 10 10 10 10-4.48 10-10S17.52 2 12 2zm-2 15l-5-5 1.41-1.41L10 14.17l7.59-7.59L19 8l-9 9z"
    />
  </svg>
</CheckCircle>
`;

exports[`Generated icons should render Close icon 1`] = `
<Close
  height="12"
  viewBox="0 0 24 24"
  width="12"
>
  <svg
    height="12"
    viewBox="0 0 24 24"
    width="12"
  >
    <path
      d="M19 6.41L17.59 5 12 10.59 6.41 5 5 6.41 10.59 12 5 17.59 6.41 19 12 13.41 17.59 19 19 17.59 13.41 12z"
    />
  </svg>
</Close>
`;

exports[`Generated icons should render ConfirmationNumber icon 1`] = `
<ConfirmationNumber
  height="12"
  viewBox="0 0 24 24"
  width="12"
>
  <svg
    height="12"
    viewBox="0 0 24 24"
    width="12"
  >
    <path
      d="M22 10V6c0-1.11-.9-2-2-2H4c-1.1 0-1.99.89-1.99 2v4c1.1 0 1.99.9 1.99 2s-.89 2-2 2v4c0 1.1.9 2 2 2h16c1.1 0 2-.9 2-2v-4c-1.1 0-2-.9-2-2s.9-2 2-2zm-9 7.5h-2v-2h2v2zm0-4.5h-2v-2h2v2zm0-4.5h-2v-2h2v2z"
    />
  </svg>
</ConfirmationNumber>
`;

exports[`Generated icons should render ContentCopy icon 1`] = `
<ContentCopy
  height="12"
  viewBox="0 0 24 24"
  width="12"
>
  <svg
    height="12"
    viewBox="0 0 24 24"
    width="12"
  >
    <path
      d="M16 1H4c-1.1 0-2 .9-2 2v14h2V3h12V1zm3 4H8c-1.1 0-2 .9-2 2v14c0 1.1.9 2 2 2h11c1.1 0 2-.9 2-2V7c0-1.1-.9-2-2-2zm0 16H8V7h11v14z"
    />
  </svg>
</ContentCopy>
`;

exports[`Generated icons should render Create icon 1`] = `
<Create
  height="12"
  viewBox="0 0 24 24"
  width="12"
>
  <svg
    height="12"
    viewBox="0 0 24 24"
    width="12"
  >
    <path
      d="M3 17.25V21h3.75L17.81 9.94l-3.75-3.75L3 17.25zM20.71 7.04c.39-.39.39-1.02 0-1.41l-2.34-2.34c-.39-.39-1.02-.39-1.41 0l-1.83 1.83 3.75 3.75 1.83-1.83z"
    />
  </svg>
</Create>
`;

exports[`Generated icons should render Dashboard icon 1`] = `
<Dashboard
  height="12"
  viewBox="0 0 24 24"
  width="12"
>
  <svg
    height="12"
    viewBox="0 0 24 24"
    width="12"
  >
    <path
      d="M3 13h8V3H3v10zm0 8h8v-6H3v6zm10 0h8V11h-8v10zm0-18v6h8V3h-8z"
    />
  </svg>
</Dashboard>
`;

exports[`Generated icons should render DateRange icon 1`] = `
<DateRange
  height="12"
  viewBox="0 0 24 24"
  width="12"
>
  <svg
    height="12"
    viewBox="0 0 24 24"
    width="12"
  >
    <path
      d="M9 11H7v2h2v-2zm4 0h-2v2h2v-2zm4 0h-2v2h2v-2zm2-7h-1V2h-2v2H8V2H6v2H5c-1.11 0-1.99.9-1.99 2L3 20c0 1.1.89 2 2 2h14c1.1 0 2-.9 2-2V6c0-1.1-.9-2-2-2zm0 16H5V9h14v11z"
    />
  </svg>
</DateRange>
`;

exports[`Generated icons should render Delete icon 1`] = `
<Delete
  height="12"
  viewBox="0 0 24 24"
  width="12"
>
  <svg
    height="12"
    viewBox="0 0 24 24"
    width="12"
  >
    <path
      d="M6 19c0 1.1.9 2 2 2h8c1.1 0 2-.9 2-2V7H6v12zM19 4h-3.5l-1-1h-5l-1 1H5v2h14V4z"
    />
  </svg>
</Delete>
`;

exports[`Generated icons should render Done icon 1`] = `
<Done
  height="12"
  viewBox="0 0 24 24"
  width="12"
>
  <svg
    height="12"
    viewBox="0 0 24 24"
    width="12"
  >
    <path
      d="M9 16.2L4.8 12l-1.4 1.4L9 19 21 7l-1.4-1.4L9 16.2z"
    />
  </svg>
</Done>
`;

exports[`Generated icons should render Edit icon 1`] = `
<Edit
  height="12"
  viewBox="0 0 24 24"
  width="12"
>
  <svg
    height="12"
    viewBox="0 0 24 24"
    width="12"
  >
    <path
      d="M3 17.25V21h3.75L17.81 9.94l-3.75-3.75L3 17.25zM20.71 7.04c.39-.39.39-1.02 0-1.41l-2.34-2.34c-.39-.39-1.02-.39-1.41 0l-1.83 1.83 3.75 3.75 1.83-1.83z"
    />
  </svg>
</Edit>
`;

exports[`Generated icons should render Email icon 1`] = `
<Email
  height="12"
  viewBox="0 0 24 24"
  width="12"
>
  <svg
    height="12"
    viewBox="0 0 24 24"
    width="12"
  >
    <path
      d="M20 4H4c-1.1 0-1.99.9-1.99 2L2 18c0 1.1.9 2 2 2h16c1.1 0 2-.9 2-2V6c0-1.1-.9-2-2-2zm0 4l-8 5-8-5V6l8 5 8-5v2z"
    />
  </svg>
</Email>
`;

exports[`Generated icons should render Error icon 1`] = `
<Error
  height="12"
  viewBox="0 0 24 24"
  width="12"
>
  <svg
    height="12"
    viewBox="0 0 24 24"
    width="12"
  >
    <path
      d="M12 2C6.48 2 2 6.48 2 12s4.48 10 10 10 10-4.48 10-10S17.52 2 12 2zm1 15h-2v-2h2v2zm0-4h-2V7h2v6z"
    />
  </svg>
</Error>
`;

exports[`Generated icons should render Favorite icon 1`] = `
<Favorite
  height="12"
  viewBox="0 0 24 24"
  width="12"
>
  <svg
    height="12"
    viewBox="0 0 24 24"
    width="12"
  >
    <path
      d="M12 21.35l-1.45-1.32C5.4 15.36 2 12.28 2 8.5 2 5.42 4.42 3 7.5 3c1.74 0 3.41.81 4.5 2.09C13.09 3.81 14.76 3 16.5 3 19.58 3 22 5.42 22 8.5c0 3.78-3.4 6.86-8.55 11.54L12 21.35z"
    />
  </svg>
</Favorite>
`;

exports[`Generated icons should render FavoriteBorder icon 1`] = `
<FavoriteBorder
  height="12"
  viewBox="0 0 24 24"
  width="12"
>
  <svg
    height="12"
    viewBox="0 0 24 24"
    width="12"
  >
    <path
      d="M16.5 3c-1.74 0-3.41.81-4.5 2.09C10.91 3.81 9.24 3 7.5 3 4.42 3 2 5.42 2 8.5c0 3.78 3.4 6.86 8.55 11.54L12 21.35l1.45-1.32C18.6 15.36 22 12.28 22 8.5 22 5.42 19.58 3 16.5 3zm-4.4 15.55l-.1.1-.1-.1C7.14 14.24 4 11.39 4 8.5 4 6.5 5.5 5 7.5 5c1.54 0 3.04.99 3.57 2.36h1.87C13.46 5.99 14.96 5 16.5 5c2 0 3.5 1.5 3.5 3.5 0 2.89-3.14 5.74-7.9 10.05z"
    />
  </svg>
</FavoriteBorder>
`;

exports[`Generated icons should render Feedback icon 1`] = `
<Feedback
  height="12"
  viewBox="0 0 24 24"
  width="12"
>
  <svg
    height="12"
    viewBox="0 0 24 24"
    width="12"
  >
    <path
      d="M20 2H4c-1.1 0-1.99.9-1.99 2L2 22l4-4h14c1.1 0 2-.9 2-2V4c0-1.1-.9-2-2-2zm-7 12h-2v-2h2v2zm0-4h-2V6h2v4z"
    />
  </svg>
</Feedback>
`;

exports[`Generated icons should render FileDownload icon 1`] = `
<FileDownload
  height="12"
  viewBox="0 0 24 24"
  width="12"
>
  <svg
    height="12"
    viewBox="0 0 24 24"
    width="12"
  >
    <path
      d="M19 9h-4V3H9v6H5l7 7 7-7zM5 18v2h14v-2H5z"
    />
  </svg>
</FileDownload>
`;

exports[`Generated icons should render Filter1 icon 1`] = `
<Filter1
  height="12"
  viewBox="0 0 24 24"
  width="12"
>
  <svg
    height="12"
    viewBox="0 0 24 24"
    width="12"
  >
    <path
      d="M3 5H1v16c0 1.1.9 2 2 2h16v-2H3V5zm11 10h2V5h-4v2h2v8zm7-14H7c-1.1 0-2 .9-2 2v14c0 1.1.9 2 2 2h14c1.1 0 2-.9 2-2V3c0-1.1-.9-2-2-2zm0 16H7V3h14v14z"
    />
  </svg>
</Filter1>
`;

exports[`Generated icons should render FilterList icon 1`] = `
<FilterList
  height="12"
  viewBox="0 0 24 24"
  width="12"
>
  <svg
    height="12"
    viewBox="0 0 24 24"
    width="12"
  >
    <path
      d="M10 18h4v-2h-4v2zM3 6v2h18V6H3zm3 7h12v-2H6v2z"
    />
  </svg>
</FilterList>
`;

exports[`Generated icons should render FilterNone icon 1`] = `
<FilterNone
  height="12"
  viewBox="0 0 24 24"
  width="12"
>
  <svg
    height="12"
    viewBox="0 0 24 24"
    width="12"
  >
    <path
      d="M3 5H1v16c0 1.1.9 2 2 2h16v-2H3V5zm18-4H7c-1.1 0-2 .9-2 2v14c0 1.1.9 2 2 2h14c1.1 0 2-.9 2-2V3c0-1.1-.9-2-2-2zm0 16H7V3h14v14z"
    />
  </svg>
</FilterNone>
`;

exports[`Generated icons should render HelpOutline icon 1`] = `
<HelpOutline
  height="12"
  viewBox="0 0 24 24"
  width="12"
>
  <svg
    height="12"
    viewBox="0 0 24 24"
    width="12"
  >
    <path
      d="M11 18h2v-2h-2v2zm1-16C6.48 2 2 6.48 2 12s4.48 10 10 10 10-4.48 10-10S17.52 2 12 2zm0 18c-4.41 0-8-3.59-8-8s3.59-8 8-8 8 3.59 8 8-3.59 8-8 8zm0-14c-2.21 0-4 1.79-4 4h2c0-1.1.9-2 2-2s2 .9 2 2c0 2-3 1.75-3 5h2c0-2.25 3-2.5 3-5 0-2.21-1.79-4-4-4z"
    />
  </svg>
</HelpOutline>
`;

exports[`Generated icons should render IndeterminateCheckBox icon 1`] = `
<IndeterminateCheckBox
  height="12"
  viewBox="0 0 24 24"
  width="12"
>
  <svg
    height="12"
    viewBox="0 0 24 24"
    width="12"
  >
    <path
      d="M19 3H5c-1.1 0-2 .9-2 2v14c0 1.1.9 2 2 2h14c1.1 0 2-.9 2-2V5c0-1.1-.9-2-2-2zm-2 10H7v-2h10v2z"
    />
  </svg>
</IndeterminateCheckBox>
`;

exports[`Generated icons should render Info icon 1`] = `
<Info
  height="12"
  viewBox="0 0 24 24"
  width="12"
>
  <svg
    height="12"
    viewBox="0 0 24 24"
    width="12"
  >
    <path
      d="M12 2C6.48 2 2 6.48 2 12s4.48 10 10 10 10-4.48 10-10S17.52 2 12 2zm1 15h-2v-6h2v6zm0-8h-2V7h2v2z"
    />
  </svg>
</Info>
`;

exports[`Generated icons should render InfoOutline icon 1`] = `
<InfoOutline
  height="12"
  viewBox="0 0 24 24"
  width="12"
>
  <svg
    height="12"
    viewBox="0 0 24 24"
    width="12"
  >
    <path
      d="M11 17h2v-6h-2v6zm1-15C6.48 2 2 6.48 2 12s4.48 10 10 10 10-4.48 10-10S17.52 2 12 2zm0 18c-4.41 0-8-3.59-8-8s3.59-8 8-8 8 3.59 8 8-3.59 8-8 8zM11 9h2V7h-2v2z"
    />
  </svg>
</InfoOutline>
`;

exports[`Generated icons should render KeyboardArrowDown icon 1`] = `
<KeyboardArrowDown
  height="12"
  viewBox="0 0 24 24"
  width="12"
>
  <svg
    height="12"
    viewBox="0 0 24 24"
    width="12"
  >
    <path
      d="M7.41 7.84L12 12.42l4.59-4.58L18 9.25l-6 6-6-6z"
    />
  </svg>
</KeyboardArrowDown>
`;

exports[`Generated icons should render KeyboardArrowLeft icon 1`] = `
<KeyboardArrowLeft
  height="12"
  viewBox="0 0 24 24"
  width="12"
>
  <svg
    height="12"
    viewBox="0 0 24 24"
    width="12"
  >
    <path
      d="M15.41 16.09l-4.58-4.59 4.58-4.59L14 5.5l-6 6 6 6z"
    />
  </svg>
</KeyboardArrowLeft>
`;

exports[`Generated icons should render KeyboardArrowRight icon 1`] = `
<KeyboardArrowRight
  height="12"
  viewBox="0 0 24 24"
  width="12"
>
  <svg
    height="12"
    viewBox="0 0 24 24"
    width="12"
  >
    <path
      d="M8.59 16.34l4.58-4.59-4.58-4.59L10 5.75l6 6-6 6z"
    />
  </svg>
</KeyboardArrowRight>
`;

exports[`Generated icons should render KeyboardArrowUp icon 1`] = `
<KeyboardArrowUp
  height="12"
  viewBox="0 0 24 24"
  width="12"
>
  <svg
    height="12"
    viewBox="0 0 24 24"
    width="12"
  >
    <path
      d="M7.41 15.41L12 10.83l4.59 4.58L18 14l-6-6-6 6z"
    />
  </svg>
</KeyboardArrowUp>
`;

exports[`Generated icons should render Label icon 1`] = `
<Label
  height="12"
  viewBox="0 0 24 24"
  width="12"
>
  <svg
    height="12"
    viewBox="0 0 24 24"
    width="12"
  >
    <path
      d="M17.63 5.84C17.27 5.33 16.67 5 16 5L5 5.01C3.9 5.01 3 5.9 3 7v10c0 1.1.9 1.99 2 1.99L16 19c.67 0 1.27-.33 1.63-.84L22 12l-4.37-6.16z"
    />
  </svg>
</Label>
`;

exports[`Generated icons should render LocationSearching icon 1`] = `
<LocationSearching
  height="12"
  viewBox="0 0 24 24"
  width="12"
>
  <svg
    height="12"
    viewBox="0 0 24 24"
    width="12"
  >
    <path
      d="M20.94 11c-.46-4.17-3.77-7.48-7.94-7.94V1h-2v2.06C6.83 3.52 3.52 6.83 3.06 11H1v2h2.06c.46 4.17 3.77 7.48 7.94 7.94V23h2v-2.06c4.17-.46 7.48-3.77 7.94-7.94H23v-2h-2.06zM12 19c-3.87 0-7-3.13-7-7s3.13-7 7-7 7 3.13 7 7-3.13 7-7 7z"
    />
  </svg>
</LocationSearching>
`;

exports[`Generated icons should render Menu icon 1`] = `
<Menu
  height="12"
  viewBox="0 0 24 24"
  width="12"
>
  <svg
    height="12"
    viewBox="0 0 24 24"
    width="12"
  >
    <path
      d="M3 18h18v-2H3v2zm0-5h18v-2H3v2zm0-7v2h18V6H3z"
    />
  </svg>
</Menu>
`;

exports[`Generated icons should render Notifications icon 1`] = `
<Notifications
  height="12"
  viewBox="0 0 24 24"
  width="12"
>
  <svg
    height="12"
    viewBox="0 0 24 24"
    width="12"
  >
    <path
      d="M12 22c1.1 0 2-.9 2-2h-4c0 1.1.89 2 2 2zm6-6v-5c0-3.07-1.64-5.64-4.5-6.32V4c0-.83-.67-1.5-1.5-1.5s-1.5.67-1.5 1.5v.68C7.63 5.36 6 7.92 6 11v5l-2 2v1h16v-1l-2-2z"
    />
  </svg>
</Notifications>
`;

exports[`Generated icons should render Person icon 1`] = `
<Person
  height="12"
  viewBox="0 0 24 24"
  width="12"
>
  <svg
    height="12"
    viewBox="0 0 24 24"
    width="12"
  >
    <path
      d="M12 12c2.21 0 4-1.79 4-4s-1.79-4-4-4-4 1.79-4 4 1.79 4 4 4zm0 2c-2.67 0-8 1.34-8 4v2h16v-2c0-2.66-5.33-4-8-4z"
    />
  </svg>
</Person>
`;

exports[`Generated icons should render Place icon 1`] = `
<Place
  height="12"
  viewBox="0 0 24 24"
  width="12"
>
  <svg
    height="12"
    viewBox="0 0 24 24"
    width="12"
  >
    <path
      d="M12 2C8.13 2 5 5.13 5 9c0 5.25 7 13 7 13s7-7.75 7-13c0-3.87-3.13-7-7-7zm0 9.5c-1.38 0-2.5-1.12-2.5-2.5s1.12-2.5 2.5-2.5 2.5 1.12 2.5 2.5-1.12 2.5-2.5 2.5z"
    />
  </svg>
</Place>
`;

exports[`Generated icons should render Public icon 1`] = `
<Public
  height="12"
  viewBox="0 0 24 24"
  width="12"
>
  <svg
    height="12"
    viewBox="0 0 24 24"
    width="12"
  >
    <path
      d="M12 2C6.48 2 2 6.48 2 12s4.48 10 10 10 10-4.48 10-10S17.52 2 12 2zm-1 17.93c-3.95-.49-7-3.85-7-7.93 0-.62.08-1.21.21-1.79L9 15v1c0 1.1.9 2 2 2v1.93zm6.9-2.54c-.26-.81-1-1.39-1.9-1.39h-1v-3c0-.55-.45-1-1-1H8v-2h2c.55 0 1-.45 1-1V7h2c1.1 0 2-.9 2-2v-.41c2.93 1.19 5 4.06 5 7.41 0 2.08-.8 3.97-2.1 5.39z"
    />
  </svg>
</Public>
`;

exports[`Generated icons should render QuestionAnswer icon 1`] = `
<QuestionAnswer
  height="12"
  viewBox="0 0 24 24"
  width="12"
>
  <svg
    height="12"
    viewBox="0 0 24 24"
    width="12"
  >
    <path
      d="M21 6h-2v9H6v2c0 .55.45 1 1 1h11l4 4V7c0-.55-.45-1-1-1zm-4 6V3c0-.55-.45-1-1-1H3c-.55 0-1 .45-1 1v14l4-4h10c.55 0 1-.45 1-1z"
    />
  </svg>
</QuestionAnswer>
`;

exports[`Generated icons should render RadioButtonChecked icon 1`] = `
<RadioButtonChecked
  height="12"
  viewBox="0 0 24 24"
  width="12"
>
  <svg
    height="12"
    viewBox="0 0 24 24"
    width="12"
  >
    <path
      d="M12 7c-2.76 0-5 2.24-5 5s2.24 5 5 5 5-2.24 5-5-2.24-5-5-5zm0-5C6.48 2 2 6.48 2 12s4.48 10 10 10 10-4.48 10-10S17.52 2 12 2zm0 18c-4.42 0-8-3.58-8-8s3.58-8 8-8 8 3.58 8 8-3.58 8-8 8z"
    />
  </svg>
</RadioButtonChecked>
`;

exports[`Generated icons should render RadioButtonUnchecked icon 1`] = `
<RadioButtonUnchecked
  height="12"
  viewBox="0 0 24 24"
  width="12"
>
  <svg
    height="12"
    viewBox="0 0 24 24"
    width="12"
  >
    <path
      d="M12 2C6.48 2 2 6.48 2 12s4.48 10 10 10 10-4.48 10-10S17.52 2 12 2zm0 18c-4.42 0-8-3.58-8-8s3.58-8 8-8 8 3.58 8 8-3.58 8-8 8z"
    />
  </svg>
</RadioButtonUnchecked>
`;

exports[`Generated icons should render Remove icon 1`] = `
<Remove
  height="12"
  viewBox="0 0 24 24"
  width="12"
>
  <svg
    height="12"
    viewBox="0 0 24 24"
    width="12"
  >
    <path
      d="M19 13H5v-2h14v2z"
    />
  </svg>
</Remove>
`;

exports[`Generated icons should render RemoveCircle icon 1`] = `
<RemoveCircle
  height="12"
  viewBox="0 0 24 24"
  width="12"
>
  <svg
    height="12"
    viewBox="0 0 24 24"
    width="12"
  >
    <path
      d="M12 2C6.48 2 2 6.48 2 12s4.48 10 10 10 10-4.48 10-10S17.52 2 12 2zm5 11H7v-2h10v2z"
    />
  </svg>
</RemoveCircle>
`;

exports[`Generated icons should render RemoveCircleOutline icon 1`] = `
<RemoveCircleOutline
  height="12"
  viewBox="0 0 24 24"
  width="12"
>
  <svg
    height="12"
    viewBox="0 0 24 24"
    width="12"
  >
    <path
      d="M7 11v2h10v-2H7zm5-9C6.48 2 2 6.48 2 12s4.48 10 10 10 10-4.48 10-10S17.52 2 12 2zm0 18c-4.41 0-8-3.59-8-8s3.59-8 8-8 8 3.59 8 8-3.59 8-8 8z"
    />
  </svg>
</RemoveCircleOutline>
`;

exports[`Generated icons should render Replay icon 1`] = `
<Replay
  height="12"
  viewBox="0 0 24 24"
  width="12"
>
  <svg
    height="12"
    viewBox="0 0 24 24"
    width="12"
  >
    <path
      d="M12 5V1L7 6l5 5V7c3.31 0 6 2.69 6 6s-2.69 6-6 6-6-2.69-6-6H4c0 4.42 3.58 8 8 8s8-3.58 8-8-3.58-8-8-8z"
    />
  </svg>
</Replay>
`;

exports[`Generated icons should render Restore icon 1`] = `
<Restore
  height="12"
  viewBox="0 0 24 24"
  width="12"
>
  <svg
    height="12"
    viewBox="0 0 24 24"
    width="12"
  >
    <path
      d="M13 3c-4.97 0-9 4.03-9 9H1l3.89 3.89.07.14L9 12H6c0-3.87 3.13-7 7-7s7 3.13 7 7-3.13 7-7 7c-1.93 0-3.68-.79-4.94-2.06l-1.42 1.42C8.27 19.99 10.51 21 13 21c4.97 0 9-4.03 9-9s-4.03-9-9-9zm-1 5v5l4.28 2.54.72-1.21-3.5-2.08V8H12z"
    />
  </svg>
</Restore>
`;

exports[`Generated icons should render Search icon 1`] = `
<Search
  height="12"
  viewBox="0 0 24 24"
  width="12"
>
  <svg
    height="12"
    viewBox="0 0 24 24"
    width="12"
  >
    <path
      d="M15.5 14h-.79l-.28-.27C15.41 12.59 16 11.11 16 9.5 16 5.91 13.09 3 9.5 3S3 5.91 3 9.5 5.91 16 9.5 16c1.61 0 3.09-.59 4.23-1.57l.27.28v.79l5 4.99L20.49 19l-4.99-5zm-6 0C7.01 14 5 11.99 5 9.5S7.01 5 9.5 5 14 7.01 14 9.5 11.99 14 9.5 14z"
    />
  </svg>
</Search>
`;

exports[`Generated icons should render Send icon 1`] = `
<Send
  height="12"
  viewBox="0 0 24 24"
  width="12"
>
  <svg
    height="12"
    viewBox="0 0 24 24"
    width="12"
  >
    <path
      d="M2.01 21L23 12 2.01 3 2 10l15 2-15 2z"
    />
  </svg>
</Send>
`;

exports[`Generated icons should render Settings icon 1`] = `
<Settings
  height="12"
  viewBox="0 0 24 24"
  width="12"
>
  <svg
    height="12"
    viewBox="0 0 24 24"
    width="12"
  >
    <path
      d="M19.43 12.98c.04-.32.07-.64.07-.98s-.03-.66-.07-.98l2.11-1.65c.19-.15.24-.42.12-.64l-2-3.46c-.12-.22-.39-.3-.61-.22l-2.49 1c-.52-.4-1.08-.73-1.69-.98l-.38-2.65C14.46 2.18 14.25 2 14 2h-4c-.25 0-.46.18-.49.42l-.38 2.65c-.61.25-1.17.59-1.69.98l-2.49-1c-.23-.09-.49 0-.61.22l-2 3.46c-.13.22-.07.49.12.64l2.11 1.65c-.04.32-.07.65-.07.98s.03.66.07.98l-2.11 1.65c-.19.15-.24.42-.12.64l2 3.46c.12.22.39.3.61.22l2.49-1c.52.4 1.08.73 1.69.98l.38 2.65c.03.24.24.42.49.42h4c.25 0 .46-.18.49-.42l.38-2.65c.61-.25 1.17-.59 1.69-.98l2.49 1c.23.09.49 0 .61-.22l2-3.46c.12-.22.07-.49-.12-.64l-2.11-1.65zM12 15.5c-1.93 0-3.5-1.57-3.5-3.5s1.57-3.5 3.5-3.5 3.5 1.57 3.5 3.5-1.57 3.5-3.5 3.5z"
    />
  </svg>
</Settings>
`;

exports[`Generated icons should render Star icon 1`] = `
<Star
  height="12"
  viewBox="0 0 24 24"
  width="12"
>
  <svg
    height="12"
    viewBox="0 0 24 24"
    width="12"
  >
    <path
      d="M12 17.27L18.18 21l-1.64-7.03L22 9.24l-7.19-.61L12 2 9.19 8.63 2 9.24l5.46 4.73L5.82 21z"
    />
  </svg>
</Star>
`;

exports[`Generated icons should render SwapVert icon 1`] = `
<SwapVert
  height="12"
  viewBox="0 0 24 24"
  width="12"
>
  <svg
    height="12"
    viewBox="0 0 24 24"
    width="12"
  >
    <path
      d="M16 17.01V10h-2v7.01h-3L15 21l4-3.99h-3zM9 3L5 6.99h3V14h2V6.99h3L9 3z"
    />
  </svg>
</SwapVert>
`;

exports[`Generated icons should render Sync icon 1`] = `
<Sync
  height="12"
  viewBox="0 0 24 24"
  width="12"
>
  <svg
    height="12"
    viewBox="0 0 24 24"
    width="12"
  >
    <path
      d="M12 4V1L8 5l4 4V6c3.31 0 6 2.69 6 6 0 1.01-.25 1.97-.7 2.8l1.46 1.46C19.54 15.03 20 13.57 20 12c0-4.42-3.58-8-8-8zm0 14c-3.31 0-6-2.69-6-6 0-1.01.25-1.97.7-2.8L5.24 7.74C4.46 8.97 4 10.43 4 12c0 4.42 3.58 8 8 8v3l4-4-4-4v3z"
    />
  </svg>
</Sync>
`;

exports[`Generated icons should render SyncDisabled icon 1`] = `
<SyncDisabled
  height="12"
  viewBox="0 0 24 24"
  width="12"
>
  <svg
    height="12"
    viewBox="0 0 24 24"
    width="12"
  >
    <path
      d="M10 6.35V4.26c-.8.21-1.55.54-2.23.96l1.46 1.46c.25-.12.5-.24.77-.33zm-7.14-.94l2.36 2.36C4.45 8.99 4 10.44 4 12c0 2.21.91 4.2 2.36 5.64L4 20h6v-6l-2.24 2.24C6.68 15.15 6 13.66 6 12c0-1 .25-1.94.68-2.77l8.08 8.08c-.25.13-.5.25-.77.34v2.09c.8-.21 1.55-.54 2.23-.96l2.36 2.36 1.27-1.27L4.14 4.14 2.86 5.41zM20 4h-6v6l2.24-2.24C17.32 8.85 18 10.34 18 12c0 1-.25 1.94-.68 2.77l1.46 1.46C19.55 15.01 20 13.56 20 12c0-2.21-.91-4.2-2.36-5.64L20 4z"
    />
  </svg>
</SyncDisabled>
`;

exports[`Generated icons should render SyncProblem icon 1`] = `
<SyncProblem
  height="12"
  viewBox="0 0 24 24"
  width="12"
>
  <svg
    height="12"
    viewBox="0 0 24 24"
    width="12"
  >
    <path
      d="M3 12c0 2.21.91 4.2 2.36 5.64L3 20h6v-6l-2.24 2.24C5.68 15.15 5 13.66 5 12c0-2.61 1.67-4.83 4-5.65V4.26C5.55 5.15 3 8.27 3 12zm8 5h2v-2h-2v2zM21 4h-6v6l2.24-2.24C18.32 8.85 19 10.34 19 12c0 2.61-1.67 4.83-4 5.65v2.09c3.45-.89 6-4.01 6-7.74 0-2.21-.91-4.2-2.36-5.64L21 4zm-10 9h2V7h-2v6z"
    />
  </svg>
</SyncProblem>
`;

exports[`Generated icons should render Update icon 1`] = `
<Update
  height="12"
  viewBox="0 0 24 24"
  width="12"
>
  <svg
    height="12"
    viewBox="0 0 24 24"
    width="12"
  >
    <path
      d="M21 10.12h-6.78l2.74-2.82c-2.73-2.7-7.15-2.8-9.88-.1-2.73 2.71-2.73 7.08 0 9.79 2.73 2.71 7.15 2.71 9.88 0C18.32 15.65 19 14.08 19 12.1h2c0 1.98-.88 4.55-2.64 6.29-3.51 3.48-9.21 3.48-12.72 0-3.5-3.47-3.53-9.11-.02-12.58 3.51-3.47 9.14-3.47 12.65 0L21 3v7.12zM12.5 8v4.25l3.5 2.08-.72 1.21L11 13V8h1.5z"
    />
  </svg>
</Update>
`;

exports[`Generated icons should render Visibility icon 1`] = `
<Visibility
  height="12"
  viewBox="0 0 24 24"
  width="12"
>
  <svg
    height="12"
    viewBox="0 0 24 24"
    width="12"
  >
    <path
      d="M12 4.5C7 4.5 2.73 7.61 1 12c1.73 4.39 6 7.5 11 7.5s9.27-3.11 11-7.5c-1.73-4.39-6-7.5-11-7.5zM12 17c-2.76 0-5-2.24-5-5s2.24-5 5-5 5 2.24 5 5-2.24 5-5 5zm0-8c-1.66 0-3 1.34-3 3s1.34 3 3 3 3-1.34 3-3-1.34-3-3-3z"
    />
  </svg>
</Visibility>
`;

exports[`Generated icons should render VisibilityOff icon 1`] = `
<VisibilityOff
  height="12"
  viewBox="0 0 24 24"
  width="12"
>
  <svg
    height="12"
    viewBox="0 0 24 24"
    width="12"
  >
    <path
      d="M12 7c2.76 0 5 2.24 5 5 0 .65-.13 1.26-.36 1.83l2.92 2.92c1.51-1.26 2.7-2.89 3.43-4.75-1.73-4.39-6-7.5-11-7.5-1.4 0-2.74.25-3.98.7l2.16 2.16C10.74 7.13 11.35 7 12 7zM2 4.27l2.28 2.28.46.46C3.08 8.3 1.78 10.02 1 12c1.73 4.39 6 7.5 11 7.5 1.55 0 3.03-.3 4.38-.84l.42.42L19.73 22 21 20.73 3.27 3 2 4.27zM7.53 9.8l1.55 1.55c-.05.21-.08.43-.08.65 0 1.66 1.34 3 3 3 .22 0 .44-.03.65-.08l1.55 1.55c-.67.33-1.41.53-2.2.53-2.76 0-5-2.24-5-5 0-.79.2-1.53.53-2.2zm4.31-.78l3.15 3.15.02-.16c0-1.66-1.34-3-3-3l-.17.01z"
    />
  </svg>
</VisibilityOff>
`;

exports[`Generated icons should render Warning icon 1`] = `
<Warning
  height="12"
  viewBox="0 0 24 24"
  width="12"
>
  <svg
    height="12"
    viewBox="0 0 24 24"
    width="12"
  >
    <path
      d="M1 21h22L12 2 1 21zm12-3h-2v-2h2v2zm0-4h-2v-4h2v4z"
    />
  </svg>
</Warning>
`;

exports[`Generated icons should render Widgets icon 1`] = `
<Widgets
  height="12"
  viewBox="0 0 24 24"
  width="12"
>
  <svg
    height="12"
    viewBox="0 0 24 24"
    width="12"
  >
    <path
      d="M13 13v8h8v-8h-8zM3 21h8v-8H3v8zM3 3v8h8V3H3zm13.66-1.31L11 7.34 16.66 13l5.66-5.66-5.66-5.65z"
    />
  </svg>
</Widgets>
`;
