// Jest Snapshot v1, https://goo.gl/fbAQLP

exports[`<Badge /> should render a <Badge> in full mode 1`] = `
<styled.div>
  12
</styled.div>
`;

exports[`<Badge /> should render a <Badge> with text 1`] = `
<styled.div>
  0
</styled.div>
`;
